category            reads     %          read length        feature size or coverage  analysis
----------------  -------  -------  ----------------------  ------------------------  --------------------
middle-missing          0    0.00        0.00 +- 0.00             0.00 +- 0.00       (bad trimming)
middle-hump             0    0.00        0.00 +- 0.00             0.00 +- 0.00       (bad trimming)
no-5-prime              0    0.00        0.00 +- 0.00             0.00 +- 0.00       (bad trimming)
no-3-prime              0    0.00        0.00 +- 0.00             0.00 +- 0.00       (bad trimming)

low-coverage           25   92.59     8970.00 +- 3707.08          2.62 +- 1.60       (easy to assemble, potential for lower quality consensus)
unique                  0    0.00        0.00 +- 0.00             0.00 +- 0.00       (easy to assemble, perfect, yay)
repeat-cont             0    0.00        0.00 +- 0.00             0.00 +- 0.00       (potential for consensus errors, no impact on assembly)
repeat-dove             0    0.00        0.00 +- 0.00             0.00 +- 0.00       (hard to assemble, likely won't assemble correctly or even at all)

span-repeat             1    3.70    11810.00 +- 0.00          1446.00 +- 0.00       (read spans a large repeat, usually easy to assemble)
uniq-repeat-cont        0    0.00        0.00 +- 0.00                                (should be uniquely placed, low potential for consensus errors, no impact on assembly)
uniq-repeat-dove        0    0.00        0.00 +- 0.00                                (will end contigs, potential to misassemble)
uniq-anchor             0    0.00        0.00 +- 0.00             0.00 +- 0.00       (repeat read, with unique section, probable bad read)
